05-14 17:51:19.757 13579 13603 I TestRunner: started: vertical_scroll_content_at_last_position(com.example.dogglers.VerticalListTests)
05-14 17:51:19.808 13579 13603 W Settings: Setting always_finish_activities has moved from android.provider.Settings.System to android.provider.Settings.Global, returning read-only value.
05-14 17:51:19.839 13579 13579 D LifecycleMonitor: Lifecycle status change: androidx.test.core.app.InstrumentationActivityInvoker$BootstrapActivity@e17af83 in: PRE_ON_CREATE
05-14 17:51:19.841 13579 13579 V ActivityScenario: Activity lifecycle changed event received but ignored because the intent does not match. startActivityIntent=Intent { act=android.intent.action.MAIN cat=[android.intent.category.LAUNCHER] cmp=com.example.dogglers/.VerticalListActivity }, activity.getIntent()=Intent { act=android.intent.action.MAIN cat=[android.intent.category.LAUNCHER] flg=0x10008000 cmp=com.example.dogglers/androidx.test.core.app.InstrumentationActivityInvoker$BootstrapActivity (has extras) }, activity=androidx.test.core.app.InstrumentationActivityInvoker$BootstrapActivity@e17af83
05-14 17:51:19.865  1703  1723 I zygote  : NativeAlloc concurrent copying GC freed 2505(223KB) AllocSpace objects, 0(0B) LOS objects, 50% free, 5MB/10MB, paused 89us total 463.394ms
05-14 17:51:19.912 13579 13579 D LifecycleMonitor: Lifecycle status change: androidx.test.core.app.InstrumentationActivityInvoker$BootstrapActivity@e17af83 in: CREATED
05-14 17:51:19.913 13579 13579 V ActivityScenario: Activity lifecycle changed event received but ignored because the intent does not match. startActivityIntent=Intent { act=android.intent.action.MAIN cat=[android.intent.category.LAUNCHER] cmp=com.example.dogglers/.VerticalListActivity }, activity.getIntent()=Intent { act=android.intent.action.MAIN cat=[android.intent.category.LAUNCHER] flg=0x10008000 cmp=com.example.dogglers/androidx.test.core.app.InstrumentationActivityInvoker$BootstrapActivity (has extras) }, activity=androidx.test.core.app.InstrumentationActivityInvoker$BootstrapActivity@e17af83
05-14 17:51:19.918 13579 13579 D LifecycleMonitor: Lifecycle status change: androidx.test.core.app.InstrumentationActivityInvoker$BootstrapActivity@e17af83 in: STARTED
05-14 17:51:19.920  1404  1404 D gralloc_ranchu: gralloc_alloc: Creating ashmem region of size 9023488
05-14 17:51:19.920 13579 13579 V ActivityScenario: Activity lifecycle changed event received but ignored because the intent does not match. startActivityIntent=Intent { act=android.intent.action.MAIN cat=[android.intent.category.LAUNCHER] cmp=com.example.dogglers/.VerticalListActivity }, activity.getIntent()=Intent { act=android.intent.action.MAIN cat=[android.intent.category.LAUNCHER] flg=0x10008000 cmp=com.example.dogglers/androidx.test.core.app.InstrumentationActivityInvoker$BootstrapActivity (has extras) }, activity=androidx.test.core.app.InstrumentationActivityInvoker$BootstrapActivity@e17af83
05-14 17:51:19.954 13579 13579 D LifecycleMonitor: Lifecycle status change: androidx.test.core.app.InstrumentationActivityInvoker$BootstrapActivity@e17af83 in: RESUMED
05-14 17:51:19.954 13579 13579 V ActivityScenario: Activity lifecycle changed event received but ignored because the intent does not match. startActivityIntent=Intent { act=android.intent.action.MAIN cat=[android.intent.category.LAUNCHER] cmp=com.example.dogglers/.VerticalListActivity }, activity.getIntent()=Intent { act=android.intent.action.MAIN cat=[android.intent.category.LAUNCHER] flg=0x10008000 cmp=com.example.dogglers/androidx.test.core.app.InstrumentationActivityInvoker$BootstrapActivity (has extras) }, activity=androidx.test.core.app.InstrumentationActivityInvoker$BootstrapActivity@e17af83
05-14 17:51:19.957 13579 13579 D LifecycleMonitor: Lifecycle status change: androidx.test.core.app.InstrumentationActivityInvoker$BootstrapActivity@e17af83 in: PAUSED
05-14 17:51:19.958 13579 13579 V ActivityScenario: Activity lifecycle changed event received but ignored because the intent does not match. startActivityIntent=Intent { act=android.intent.action.MAIN cat=[android.intent.category.LAUNCHER] cmp=com.example.dogglers/.VerticalListActivity }, activity.getIntent()=Intent { act=android.intent.action.MAIN cat=[android.intent.category.LAUNCHER] flg=0x10008000 cmp=com.example.dogglers/androidx.test.core.app.InstrumentationActivityInvoker$BootstrapActivity (has extras) }, activity=androidx.test.core.app.InstrumentationActivityInvoker$BootstrapActivity@e17af83
05-14 17:51:20.018 13579 13579 D LifecycleMonitor: Lifecycle status change: com.example.dogglers.VerticalListActivity@16257f5 in: PRE_ON_CREATE
05-14 17:51:20.019 13579 13579 V ActivityScenario: Activity lifecycle changed event received but ignored because the reported transition was not ON_CREATE while the last known transition was PRE_ON_CREATE
05-14 17:51:20.049  1599  1608 I zygote  : NativeAlloc concurrent copying GC freed 25645(1724KB) AllocSpace objects, 23(844KB) LOS objects, 35% free, 10MB/16MB, paused 47us total 683.137ms
05-14 17:51:20.054  2064  2532 D EGL_emulation: eglMakeCurrent: 0x85ed0ca0: ver 3 0 (tinfo 0xa48cacb0)
05-14 17:51:20.059  1703  1922 D EGL_emulation: eglMakeCurrent: 0xa49054e0: ver 3 0 (tinfo 0xa4903390)
05-14 17:51:20.060  2111  2191 D EGL_emulation: eglMakeCurrent: 0x911fd7a0: ver 3 0 (tinfo 0x90a23310)
05-14 17:51:20.103 13579 13579 D LifecycleMonitor: Lifecycle status change: com.example.dogglers.VerticalListActivity@16257f5 in: CREATED
05-14 17:51:20.104 13579 13579 V ActivityScenario: Update currentActivityStage to CREATED, currentActivity=com.example.dogglers.VerticalListActivity@16257f5
05-14 17:51:20.104  1703  1922 D EGL_emulation: eglMakeCurrent: 0xa49054e0: ver 3 0 (tinfo 0xa4903390)
05-14 17:51:20.106 13579 13579 D LifecycleMonitor: Lifecycle status change: com.example.dogglers.VerticalListActivity@16257f5 in: STARTED
05-14 17:51:20.107 13579 13579 V ActivityScenario: Update currentActivityStage to STARTED, currentActivity=com.example.dogglers.VerticalListActivity@16257f5
05-14 17:51:20.109  1599  3439 I zygote  : IncrementDisableThreadFlip blocked for 7.083ms
05-14 17:51:20.116 13579 13579 D LifecycleMonitor: Lifecycle status change: com.example.dogglers.VerticalListActivity@16257f5 in: RESUMED
05-14 17:51:20.119 13579 13579 V ActivityScenario: Update currentActivityStage to RESUMED, currentActivity=com.example.dogglers.VerticalListActivity@16257f5
05-14 17:51:20.186  1404  1404 D gralloc_ranchu: gralloc_alloc: Creating ashmem region of size 9592832
05-14 17:51:20.194  1404  1404 D gralloc_ranchu: gralloc_alloc: Creating ashmem region of size 9592832
05-14 17:51:20.200  1404  1439 D gralloc_ranchu: gralloc_alloc: Creating ashmem region of size 9592832
05-14 17:51:20.249  1599  1608 I zygote  : NativeAlloc concurrent copying GC freed 4281(375KB) AllocSpace objects, 0(0B) LOS objects, 36% free, 10MB/16MB, paused 486us total 147.616ms
05-14 17:51:20.760 13579 13579 I Choreographer: Skipped 35 frames!  The application may be doing too much work on its main thread.
05-14 17:51:20.827 13579 13609 D EGL_emulation: eglMakeCurrent: 0xac763c20: ver 3 0 (tinfo 0xa48ca1c0)
05-14 17:51:20.849 13579 13584 I zygote  : Do partial code cache collection, code=121KB, data=88KB
05-14 17:51:20.850 13579 13584 I zygote  : After code cache collection, code=121KB, data=88KB
05-14 17:51:20.850 13579 13584 I zygote  : Increasing code cache capacity to 512KB
05-14 17:51:20.850 13579 13584 I zygote  : JIT allocated 56KB for compiled code of void android.view.View.<init>(android.content.Context, android.util.AttributeSet, int, int)
05-14 17:51:20.885  1599  1620 I ActivityManager: Displayed com.example.dogglers/.VerticalListActivity: +924ms (total +1s60ms)
05-14 17:51:20.974 13579 13579 I ViewInteraction: Performing 'scroll RecyclerView to position: 5' action on view view.getId() is <2131231206/com.example.dogglers:id/vertical_recycler_view>
05-14 17:51:21.705 13579 13579 I Choreographer: Skipped 33 frames!  The application may be doing too much work on its main thread.
05-14 17:51:22.043 13579 13579 I ViewInteraction: Checking 'MatchesViewAssertion{viewMatcher=(view has effective visibility <VISIBLE> and view.getGlobalVisibleRect() to return non-empty rectangle)}' assertion on view an instance of android.widget.TextView and view.getText() with or without transformation to match: is "Bella"
05-14 17:51:22.048 13579 13579 D LifecycleMonitor: Lifecycle status change: androidx.test.core.app.InstrumentationActivityInvoker$BootstrapActivity@e17af83 in: STOPPED
05-14 17:51:22.048 13579 13579 V ActivityScenario: Activity lifecycle changed event received but ignored because the intent does not match. startActivityIntent=Intent { act=android.intent.action.MAIN cat=[android.intent.category.LAUNCHER] cmp=com.example.dogglers/.VerticalListActivity }, activity.getIntent()=Intent { act=android.intent.action.MAIN cat=[android.intent.category.LAUNCHER] flg=0x10008000 cmp=com.example.dogglers/androidx.test.core.app.InstrumentationActivityInvoker$BootstrapActivity (has extras) }, activity=androidx.test.core.app.InstrumentationActivityInvoker$BootstrapActivity@e17af83
05-14 17:51:22.074  2064  2346 I PBSessionCacheImpl: Deleted sessionId[9079252050900507] from persistence.
05-14 17:51:22.076 13579 13579 D LifecycleMonitor: Lifecycle status change: com.example.dogglers.VerticalListActivity@16257f5 in: PAUSED
05-14 17:51:22.076 13579 13579 V ActivityScenario: Update currentActivityStage to PAUSED, currentActivity=com.example.dogglers.VerticalListActivity@16257f5
05-14 17:51:22.094 13579 13579 D LifecycleMonitor: Lifecycle status change: androidx.test.core.app.InstrumentationActivityInvoker$EmptyActivity@5320d09 in: PRE_ON_CREATE
05-14 17:51:22.095  1416  1416 W SurfaceFlinger: couldn't log to binary event log: overflow.
05-14 17:51:22.097 13579 13579 V ActivityScenario: Activity lifecycle changed event received but ignored because the intent does not match. startActivityIntent=Intent { act=android.intent.action.MAIN cat=[android.intent.category.LAUNCHER] cmp=com.example.dogglers/.VerticalListActivity }, activity.getIntent()=Intent { act=android.intent.action.MAIN cat=[android.intent.category.LAUNCHER] flg=0x10000000 cmp=com.example.dogglers/androidx.test.core.app.InstrumentationActivityInvoker$EmptyActivity }, activity=androidx.test.core.app.InstrumentationActivityInvoker$EmptyActivity@5320d09
05-14 17:51:22.135  2064  2408 W SearchServiceCore: Abort, client detached.
05-14 17:51:22.149 13579 13579 D LifecycleMonitor: Lifecycle status change: androidx.test.core.app.InstrumentationActivityInvoker$EmptyActivity@5320d09 in: CREATED
05-14 17:51:22.155 13579 13579 V ActivityScenario: Activity lifecycle changed event received but ignored because the intent does not match. startActivityIntent=Intent { act=android.intent.action.MAIN cat=[android.intent.category.LAUNCHER] cmp=com.example.dogglers/.VerticalListActivity }, activity.getIntent()=Intent { act=android.intent.action.MAIN cat=[android.intent.category.LAUNCHER] flg=0x10000000 cmp=com.example.dogglers/androidx.test.core.app.InstrumentationActivityInvoker$EmptyActivity }, activity=androidx.test.core.app.InstrumentationActivityInvoker$EmptyActivity@5320d09
05-14 17:51:22.157 13579 13579 D LifecycleMonitor: Lifecycle status change: androidx.test.core.app.InstrumentationActivityInvoker$EmptyActivity@5320d09 in: STARTED
05-14 17:51:22.158 13579 13579 V ActivityScenario: Activity lifecycle changed event received but ignored because the intent does not match. startActivityIntent=Intent { act=android.intent.action.MAIN cat=[android.intent.category.LAUNCHER] cmp=com.example.dogglers/.VerticalListActivity }, activity.getIntent()=Intent { act=android.intent.action.MAIN cat=[android.intent.category.LAUNCHER] flg=0x10000000 cmp=com.example.dogglers/androidx.test.core.app.InstrumentationActivityInvoker$EmptyActivity }, activity=androidx.test.core.app.InstrumentationActivityInvoker$EmptyActivity@5320d09
05-14 17:51:22.160  1599  1609 I WifiService: getWifiEnabledState uid=10032
05-14 17:51:22.169 13579 13579 D LifecycleMonitor: Lifecycle status change: androidx.test.core.app.InstrumentationActivityInvoker$EmptyActivity@5320d09 in: RESUMED
05-14 17:51:22.176 13579 13579 V ActivityScenario: Activity lifecycle changed event received but ignored because the intent does not match. startActivityIntent=Intent { act=android.intent.action.MAIN cat=[android.intent.category.LAUNCHER] cmp=com.example.dogglers/.VerticalListActivity }, activity.getIntent()=Intent { act=android.intent.action.MAIN cat=[android.intent.category.LAUNCHER] flg=0x10000000 cmp=com.example.dogglers/androidx.test.core.app.InstrumentationActivityInvoker$EmptyActivity }, activity=androidx.test.core.app.InstrumentationActivityInvoker$EmptyActivity@5320d09
05-14 17:51:22.288  1404  1439 D gralloc_ranchu: gralloc_alloc: Creating ashmem region of size 9023488
05-14 17:51:22.298  1404  1404 D gralloc_ranchu: gralloc_alloc: Creating ashmem region of size 9023488
05-14 17:51:22.306  1404  1404 D gralloc_ranchu: gralloc_alloc: Creating ashmem region of size 9023488
05-14 17:51:22.374 13579 13609 D EGL_emulation: eglMakeCurrent: 0xac763c20: ver 3 0 (tinfo 0xa48ca1c0)
05-14 17:51:22.463 13579 13579 D LifecycleMonitor: Lifecycle status change: androidx.test.core.app.InstrumentationActivityInvoker$EmptyActivity@5320d09 in: PAUSED
05-14 17:51:22.464 13579 13579 V ActivityScenario: Activity lifecycle changed event received but ignored because the intent does not match. startActivityIntent=Intent { act=android.intent.action.MAIN cat=[android.intent.category.LAUNCHER] cmp=com.example.dogglers/.VerticalListActivity }, activity.getIntent()=Intent { act=android.intent.action.MAIN cat=[android.intent.category.LAUNCHER] flg=0x10000000 cmp=com.example.dogglers/androidx.test.core.app.InstrumentationActivityInvoker$EmptyActivity }, activity=androidx.test.core.app.InstrumentationActivityInvoker$EmptyActivity@5320d09
05-14 17:51:22.496 13579 13579 D LifecycleMonitor: Lifecycle status change: androidx.test.core.app.InstrumentationActivityInvoker$BootstrapActivity@e17af83 in: DESTROYED
05-14 17:51:22.501 13579 13579 V ActivityScenario: Activity lifecycle changed event received but ignored because the intent does not match. startActivityIntent=Intent { act=android.intent.action.MAIN cat=[android.intent.category.LAUNCHER] cmp=com.example.dogglers/.VerticalListActivity }, activity.getIntent()=Intent { act=android.intent.action.MAIN cat=[android.intent.category.LAUNCHER] flg=0x10008000 cmp=com.example.dogglers/androidx.test.core.app.InstrumentationActivityInvoker$BootstrapActivity (has extras) }, activity=androidx.test.core.app.InstrumentationActivityInvoker$BootstrapActivity@e17af83
05-14 17:51:22.524 13579 13579 D LifecycleMonitor: Lifecycle status change: androidx.test.core.app.InstrumentationActivityInvoker$EmptyActivity@f7d94b in: PRE_ON_CREATE
05-14 17:51:22.524 13579 13579 V ActivityScenario: Activity lifecycle changed event received but ignored because the intent does not match. startActivityIntent=Intent { act=android.intent.action.MAIN cat=[android.intent.category.LAUNCHER] cmp=com.example.dogglers/.VerticalListActivity }, activity.getIntent()=Intent { act=android.intent.action.MAIN cat=[android.intent.category.LAUNCHER] flg=0x10000000 cmp=com.example.dogglers/androidx.test.core.app.InstrumentationActivityInvoker$EmptyActivity }, activity=androidx.test.core.app.InstrumentationActivityInvoker$EmptyActivity@f7d94b
05-14 17:51:22.561 13579 13579 D LifecycleMonitor: Lifecycle status change: androidx.test.core.app.InstrumentationActivityInvoker$EmptyActivity@f7d94b in: CREATED
05-14 17:51:22.564 13579 13579 V ActivityScenario: Activity lifecycle changed event received but ignored because the intent does not match. startActivityIntent=Intent { act=android.intent.action.MAIN cat=[android.intent.category.LAUNCHER] cmp=com.example.dogglers/.VerticalListActivity }, activity.getIntent()=Intent { act=android.intent.action.MAIN cat=[android.intent.category.LAUNCHER] flg=0x10000000 cmp=com.example.dogglers/androidx.test.core.app.InstrumentationActivityInvoker$EmptyActivity }, activity=androidx.test.core.app.InstrumentationActivityInvoker$EmptyActivity@f7d94b
05-14 17:51:22.565 13579 13579 D LifecycleMonitor: Lifecycle status change: androidx.test.core.app.InstrumentationActivityInvoker$EmptyActivity@f7d94b in: STARTED
05-14 17:51:22.572 13579 13579 V ActivityScenario: Activity lifecycle changed event received but ignored because the intent does not match. startActivityIntent=Intent { act=android.intent.action.MAIN cat=[android.intent.category.LAUNCHER] cmp=com.example.dogglers/.VerticalListActivity }, activity.getIntent()=Intent { act=android.intent.action.MAIN cat=[android.intent.category.LAUNCHER] flg=0x10000000 cmp=com.example.dogglers/androidx.test.core.app.InstrumentationActivityInvoker$EmptyActivity }, activity=androidx.test.core.app.InstrumentationActivityInvoker$EmptyActivity@f7d94b
05-14 17:51:22.583 13579 13579 D LifecycleMonitor: Lifecycle status change: androidx.test.core.app.InstrumentationActivityInvoker$EmptyActivity@f7d94b in: RESUMED
05-14 17:51:22.584 13579 13579 V ActivityScenario: Activity lifecycle changed event received but ignored because the intent does not match. startActivityIntent=Intent { act=android.intent.action.MAIN cat=[android.intent.category.LAUNCHER] cmp=com.example.dogglers/.VerticalListActivity }, activity.getIntent()=Intent { act=android.intent.action.MAIN cat=[android.intent.category.LAUNCHER] flg=0x10000000 cmp=com.example.dogglers/androidx.test.core.app.InstrumentationActivityInvoker$EmptyActivity }, activity=androidx.test.core.app.InstrumentationActivityInvoker$EmptyActivity@f7d94b
05-14 17:51:22.623  1416  1416 D SurfaceFlinger: duplicate layer name: changing com.example.dogglers/androidx.test.core.app.InstrumentationActivityInvoker$EmptyActivity to com.example.dogglers/androidx.test.core.app.InstrumentationActivityInvoker$EmptyActivity#1
05-14 17:51:22.647  1404  1404 D gralloc_ranchu: gralloc_alloc: Creating ashmem region of size 9023488
05-14 17:51:22.655  1404  1439 D gralloc_ranchu: gralloc_alloc: Creating ashmem region of size 9023488
05-14 17:51:22.666  1404  1439 D gralloc_ranchu: gralloc_alloc: Creating ashmem region of size 9023488
05-14 17:51:22.731 13579 13609 D EGL_emulation: eglMakeCurrent: 0xac763c20: ver 3 0 (tinfo 0xa48ca1c0)
05-14 17:51:22.805  1599  1620 I ActivityManager: Displayed com.example.dogglers/androidx.test.core.app.InstrumentationActivityInvoker$EmptyActivity: +312ms (total +699ms)
05-14 17:51:22.816 13579 13584 I zygote  : Do full code cache collection, code=243KB, data=147KB
05-14 17:51:22.827 13579 13584 I zygote  : After code cache collection, code=243KB, data=103KB
05-14 17:51:22.838 13579 13579 D LifecycleMonitor: Lifecycle status change: androidx.test.core.app.InstrumentationActivityInvoker$EmptyActivity@5320d09 in: STOPPED
05-14 17:51:22.839 13579 13579 V ActivityScenario: Activity lifecycle changed event received but ignored because the intent does not match. startActivityIntent=Intent { act=android.intent.action.MAIN cat=[android.intent.category.LAUNCHER] cmp=com.example.dogglers/.VerticalListActivity }, activity.getIntent()=Intent { act=android.intent.action.MAIN cat=[android.intent.category.LAUNCHER] flg=0x10000000 cmp=com.example.dogglers/androidx.test.core.app.InstrumentationActivityInvoker$EmptyActivity }, activity=androidx.test.core.app.InstrumentationActivityInvoker$EmptyActivity@5320d09
05-14 17:51:22.839 13579 13579 D LifecycleMonitor: Lifecycle status change: androidx.test.core.app.InstrumentationActivityInvoker$EmptyActivity@5320d09 in: DESTROYED
05-14 17:51:22.839 13579 13579 V ActivityScenario: Activity lifecycle changed event received but ignored because the intent does not match. startActivityIntent=Intent { act=android.intent.action.MAIN cat=[android.intent.category.LAUNCHER] cmp=com.example.dogglers/.VerticalListActivity }, activity.getIntent()=Intent { act=android.intent.action.MAIN cat=[android.intent.category.LAUNCHER] flg=0x10000000 cmp=com.example.dogglers/androidx.test.core.app.InstrumentationActivityInvoker$EmptyActivity }, activity=androidx.test.core.app.InstrumentationActivityInvoker$EmptyActivity@5320d09
05-14 17:51:22.885 13579 13579 D LifecycleMonitor: Lifecycle status change: androidx.test.core.app.InstrumentationActivityInvoker$EmptyActivity@f7d94b in: PAUSED
05-14 17:51:22.886 13579 13579 V ActivityScenario: Activity lifecycle changed event received but ignored because the intent does not match. startActivityIntent=Intent { act=android.intent.action.MAIN cat=[android.intent.category.LAUNCHER] cmp=com.example.dogglers/.VerticalListActivity }, activity.getIntent()=Intent { act=android.intent.action.MAIN cat=[android.intent.category.LAUNCHER] flg=0x10000000 cmp=com.example.dogglers/androidx.test.core.app.InstrumentationActivityInvoker$EmptyActivity }, activity=androidx.test.core.app.InstrumentationActivityInvoker$EmptyActivity@f7d94b
05-14 17:51:23.007  1404  1439 D gralloc_ranchu: gralloc_alloc: Creating ashmem region of size 9592832
05-14 17:51:23.030  1416  1416 D SurfaceFlinger: duplicate layer name: changing com.google.android.apps.nexuslauncher/com.google.android.apps.nexuslauncher.NexusLauncherActivity to com.google.android.apps.nexuslauncher/com.google.android.apps.nexuslauncher.NexusLauncherActivity#1
05-14 17:51:23.059  1404  1404 D gralloc_ranchu: gralloc_alloc: Creating ashmem region of size 9592832
05-14 17:51:23.039  1404  1439 D gralloc_ranchu: gralloc_alloc: Creating ashmem region of size 9592832
05-14 17:51:23.080  1404  1439 D gralloc_ranchu: gralloc_alloc: Creating ashmem region of size 9592832
05-14 17:51:23.081  1404  1404 D gralloc_ranchu: gralloc_alloc: Creating ashmem region of size 9592832
05-14 17:51:23.084 13579 13579 D LifecycleMonitor: Lifecycle status change: com.example.dogglers.VerticalListActivity@16257f5 in: STOPPED
05-14 17:51:23.084 13579 13579 V ActivityScenario: Update currentActivityStage to STOPPED, currentActivity=com.example.dogglers.VerticalListActivity@16257f5
05-14 17:51:23.088 13579 13579 D LifecycleMonitor: Lifecycle status change: com.example.dogglers.VerticalListActivity@16257f5 in: DESTROYED
05-14 17:51:23.088 13579 13579 V ActivityScenario: Update currentActivityStage to DESTROYED, currentActivity=null
05-14 17:51:23.096  1404  1439 D gralloc_ranchu: gralloc_alloc: Creating ashmem region of size 9592832
05-14 17:51:23.110  2111  2191 D EGL_emulation: eglMakeCurrent: 0x911fd7a0: ver 3 0 (tinfo 0x90a23310)
05-14 17:51:23.129  2064  2064 W A       : Empty Doodle image. DarkMode: false [CONTEXT bug_id=149815953 ]
05-14 17:51:23.172  2064  2532 D EGL_emulation: eglMakeCurrent: 0x85ed0ca0: ver 3 0 (tinfo 0xa48cacb0)
05-14 17:51:23.175 13579 13603 I TestRunner: finished: vertical_scroll_content_at_last_position(com.example.dogglers.VerticalListTests)
