05-14 17:51:28.789 13579 13603 I TestRunner: started: vertical_scroll_content_at_first_position(com.example.dogglers.VerticalListTests)
05-14 17:51:28.789  1599 11138 I zygote  : android::hardware::configstore::V1_0::ISurfaceFlingerConfigs::hasWideColorDisplay retrieved: 0
05-14 17:51:28.789  1599 11138 I OpenGLRenderer: Initialized EGL, version 1.4
05-14 17:51:28.789  1599 11138 D OpenGLRenderer: Swap behavior 1
05-14 17:51:28.790  1599 11138 W OpenGLRenderer: Failed to choose config with EGL_SWAP_BEHAVIOR_PRESERVED, retrying without...
05-14 17:51:28.790  1599 11138 D OpenGLRenderer: Swap behavior 0
05-14 17:51:28.800  1599 11138 D EGL_emulation: eglCreateContext: 0xa48fe040: maj 3 min 0 rcv 3
05-14 17:51:28.823  1599 11138 D EGL_emulation: eglMakeCurrent: 0xa48fe040: ver 3 0 (tinfo 0x90f18180)
05-14 17:51:28.880 13579 13603 W Settings: Setting always_finish_activities has moved from android.provider.Settings.System to android.provider.Settings.Global, returning read-only value.
05-14 17:51:28.933  2111  2191 W OpenGLRenderer: Incorrectly called buildLayer on View: ShortcutAndWidgetContainer, destroying layer...
05-14 17:51:29.014  1404 10570 D gralloc_ranchu: gralloc_alloc: Creating ashmem region of size 9023488
05-14 17:51:29.018 13579 13579 D LifecycleMonitor: Lifecycle status change: androidx.test.core.app.InstrumentationActivityInvoker$BootstrapActivity@3f108bd in: PRE_ON_CREATE
05-14 17:51:29.018 13579 13579 V ActivityScenario: Activity lifecycle changed event received but ignored because the intent does not match. startActivityIntent=Intent { act=android.intent.action.MAIN cat=[android.intent.category.LAUNCHER] cmp=com.example.dogglers/.VerticalListActivity }, activity.getIntent()=Intent { act=android.intent.action.MAIN cat=[android.intent.category.LAUNCHER] flg=0x10008000 cmp=com.example.dogglers/androidx.test.core.app.InstrumentationActivityInvoker$BootstrapActivity (has extras) }, activity=androidx.test.core.app.InstrumentationActivityInvoker$BootstrapActivity@3f108bd
05-14 17:51:29.055 13579 13579 D LifecycleMonitor: Lifecycle status change: androidx.test.core.app.InstrumentationActivityInvoker$BootstrapActivity@3f108bd in: CREATED
05-14 17:51:29.056 13579 13579 V ActivityScenario: Activity lifecycle changed event received but ignored because the intent does not match. startActivityIntent=Intent { act=android.intent.action.MAIN cat=[android.intent.category.LAUNCHER] cmp=com.example.dogglers/.VerticalListActivity }, activity.getIntent()=Intent { act=android.intent.action.MAIN cat=[android.intent.category.LAUNCHER] flg=0x10008000 cmp=com.example.dogglers/androidx.test.core.app.InstrumentationActivityInvoker$BootstrapActivity (has extras) }, activity=androidx.test.core.app.InstrumentationActivityInvoker$BootstrapActivity@3f108bd
05-14 17:51:29.056 13579 13579 D LifecycleMonitor: Lifecycle status change: androidx.test.core.app.InstrumentationActivityInvoker$BootstrapActivity@3f108bd in: STARTED
05-14 17:51:29.058 13579 13579 V ActivityScenario: Activity lifecycle changed event received but ignored because the intent does not match. startActivityIntent=Intent { act=android.intent.action.MAIN cat=[android.intent.category.LAUNCHER] cmp=com.example.dogglers/.VerticalListActivity }, activity.getIntent()=Intent { act=android.intent.action.MAIN cat=[android.intent.category.LAUNCHER] flg=0x10008000 cmp=com.example.dogglers/androidx.test.core.app.InstrumentationActivityInvoker$BootstrapActivity (has extras) }, activity=androidx.test.core.app.InstrumentationActivityInvoker$BootstrapActivity@3f108bd
05-14 17:51:29.101 13579 13579 D LifecycleMonitor: Lifecycle status change: androidx.test.core.app.InstrumentationActivityInvoker$BootstrapActivity@3f108bd in: RESUMED
05-14 17:51:29.101 13579 13579 V ActivityScenario: Activity lifecycle changed event received but ignored because the intent does not match. startActivityIntent=Intent { act=android.intent.action.MAIN cat=[android.intent.category.LAUNCHER] cmp=com.example.dogglers/.VerticalListActivity }, activity.getIntent()=Intent { act=android.intent.action.MAIN cat=[android.intent.category.LAUNCHER] flg=0x10008000 cmp=com.example.dogglers/androidx.test.core.app.InstrumentationActivityInvoker$BootstrapActivity (has extras) }, activity=androidx.test.core.app.InstrumentationActivityInvoker$BootstrapActivity@3f108bd
05-14 17:51:29.103 13579 13579 D LifecycleMonitor: Lifecycle status change: androidx.test.core.app.InstrumentationActivityInvoker$BootstrapActivity@3f108bd in: PAUSED
05-14 17:51:29.103 13579 13579 V ActivityScenario: Activity lifecycle changed event received but ignored because the intent does not match. startActivityIntent=Intent { act=android.intent.action.MAIN cat=[android.intent.category.LAUNCHER] cmp=com.example.dogglers/.VerticalListActivity }, activity.getIntent()=Intent { act=android.intent.action.MAIN cat=[android.intent.category.LAUNCHER] flg=0x10008000 cmp=com.example.dogglers/androidx.test.core.app.InstrumentationActivityInvoker$BootstrapActivity (has extras) }, activity=androidx.test.core.app.InstrumentationActivityInvoker$BootstrapActivity@3f108bd
05-14 17:51:29.160 13579 13579 D LifecycleMonitor: Lifecycle status change: com.example.dogglers.VerticalListActivity@af4d75f in: PRE_ON_CREATE
05-14 17:51:29.161 13579 13579 V ActivityScenario: Activity lifecycle changed event received but ignored because the reported transition was not ON_CREATE while the last known transition was PRE_ON_CREATE
05-14 17:51:29.193 13579 13579 D LifecycleMonitor: Lifecycle status change: com.example.dogglers.VerticalListActivity@af4d75f in: CREATED
05-14 17:51:29.193 13579 13579 V ActivityScenario: Update currentActivityStage to CREATED, currentActivity=com.example.dogglers.VerticalListActivity@af4d75f
05-14 17:51:29.196 13579 13579 D LifecycleMonitor: Lifecycle status change: com.example.dogglers.VerticalListActivity@af4d75f in: STARTED
05-14 17:51:29.196 13579 13579 V ActivityScenario: Update currentActivityStage to STARTED, currentActivity=com.example.dogglers.VerticalListActivity@af4d75f
05-14 17:51:29.204 13579 13579 D LifecycleMonitor: Lifecycle status change: com.example.dogglers.VerticalListActivity@af4d75f in: RESUMED
05-14 17:51:29.204 13579 13579 V ActivityScenario: Update currentActivityStage to RESUMED, currentActivity=com.example.dogglers.VerticalListActivity@af4d75f
05-14 17:51:29.230  2064  2532 D EGL_emulation: eglMakeCurrent: 0x85ed0ca0: ver 3 0 (tinfo 0xa48cacb0)
05-14 17:51:29.235  2111  2191 D EGL_emulation: eglMakeCurrent: 0x911fd7a0: ver 3 0 (tinfo 0x90a23310)
05-14 17:51:29.272  1703  1922 D EGL_emulation: eglMakeCurrent: 0xa49054e0: ver 3 0 (tinfo 0xa4903390)
05-14 17:51:29.291  1703  1922 D EGL_emulation: eglMakeCurrent: 0xa49054e0: ver 3 0 (tinfo 0xa4903390)
05-14 17:51:29.329  1404 10570 D gralloc_ranchu: gralloc_alloc: Creating ashmem region of size 9592832
05-14 17:51:29.338  1404 10570 D gralloc_ranchu: gralloc_alloc: Creating ashmem region of size 9592832
05-14 17:51:29.349  1404  1404 D gralloc_ranchu: gralloc_alloc: Creating ashmem region of size 9592832
05-14 17:51:29.648  1599  1608 I zygote  : NativeAlloc concurrent copying GC freed 4436(432KB) AllocSpace objects, 3(60KB) LOS objects, 35% free, 10MB/16MB, paused 142us total 886.684ms
05-14 17:51:29.883 13579 13609 D EGL_emulation: eglMakeCurrent: 0xac763c20: ver 3 0 (tinfo 0xa48ca1c0)
05-14 17:51:30.122  1599  1620 I ActivityManager: Displayed com.example.dogglers/.VerticalListActivity: +958ms (total +1s77ms)
05-14 17:51:30.185 13579 13579 I ViewInteraction: Checking 'MatchesViewAssertion{viewMatcher=(view has effective visibility <VISIBLE> and view.getGlobalVisibleRect() to return non-empty rectangle)}' assertion on view an instance of android.widget.TextView and view.getText() with or without transformation to match: is "Tzeitel"
05-14 17:51:30.221 13579 13579 D LifecycleMonitor: Lifecycle status change: androidx.test.core.app.InstrumentationActivityInvoker$BootstrapActivity@3f108bd in: STOPPED
05-14 17:51:30.222 13579 13579 V ActivityScenario: Activity lifecycle changed event received but ignored because the intent does not match. startActivityIntent=Intent { act=android.intent.action.MAIN cat=[android.intent.category.LAUNCHER] cmp=com.example.dogglers/.VerticalListActivity }, activity.getIntent()=Intent { act=android.intent.action.MAIN cat=[android.intent.category.LAUNCHER] flg=0x10008000 cmp=com.example.dogglers/androidx.test.core.app.InstrumentationActivityInvoker$BootstrapActivity (has extras) }, activity=androidx.test.core.app.InstrumentationActivityInvoker$BootstrapActivity@3f108bd
05-14 17:51:30.248  1599  1608 I zygote  : NativeAlloc concurrent copying GC freed 2570(320KB) AllocSpace objects, 1(20KB) LOS objects, 36% free, 10MB/16MB, paused 152us total 374.198ms
05-14 17:51:30.259 13579 13579 I ViewInteraction: Checking 'MatchesViewAssertion{viewMatcher=(view has effective visibility <VISIBLE> and view.getGlobalVisibleRect() to return non-empty rectangle)}' assertion on view an instance of android.widget.TextView and view.getText() with or without transformation to match: is "Age: 7"
05-14 17:51:30.309 13579 13579 I ViewInteraction: Checking 'MatchesViewAssertion{viewMatcher=(view has effective visibility <VISIBLE> and view.getGlobalVisibleRect() to return non-empty rectangle)}' assertion on view an instance of android.widget.TextView and view.getText() with or without transformation to match: is "Hobbies: sunbathing"
05-14 17:51:30.343  1416  1416 W SurfaceFlinger: couldn't log to binary event log: overflow.
05-14 17:51:30.381  2064 10224 I PBSessionCacheImpl: Deleted sessionId[9079252050900509] from persistence.
05-14 17:51:30.416  2064  2408 W SearchServiceCore: Abort, client detached.
05-14 17:51:30.430  1599  4501 I WifiService: getWifiEnabledState uid=10032
05-14 17:51:30.655 13579 13590 I zygote  : NativeAlloc concurrent copying GC freed 20732(1521KB) AllocSpace objects, 0(0B) LOS objects, 49% free, 3MB/7MB, paused 25us total 322.283ms
05-14 17:51:31.104 13579 13579 I ViewInteraction: Checking 'MatchesViewAssertion{viewMatcher=(view has effective visibility <VISIBLE> and view.getGlobalVisibleRect() to return non-empty rectangle)}' assertion on view has drawable resource 2131165345
05-14 17:51:31.104 13579 13579 I Choreographer: Skipped 46 frames!  The application may be doing too much work on its main thread.
05-14 17:51:31.455 13579 13579 D LifecycleMonitor: Lifecycle status change: com.example.dogglers.VerticalListActivity@af4d75f in: PAUSED
05-14 17:51:31.456 13579 13579 V ActivityScenario: Update currentActivityStage to PAUSED, currentActivity=com.example.dogglers.VerticalListActivity@af4d75f
05-14 17:51:31.494 13579 13579 D LifecycleMonitor: Lifecycle status change: androidx.test.core.app.InstrumentationActivityInvoker$EmptyActivity@9e2641e in: PRE_ON_CREATE
05-14 17:51:31.494 13579 13579 V ActivityScenario: Activity lifecycle changed event received but ignored because the intent does not match. startActivityIntent=Intent { act=android.intent.action.MAIN cat=[android.intent.category.LAUNCHER] cmp=com.example.dogglers/.VerticalListActivity }, activity.getIntent()=Intent { act=android.intent.action.MAIN cat=[android.intent.category.LAUNCHER] flg=0x10000000 cmp=com.example.dogglers/androidx.test.core.app.InstrumentationActivityInvoker$EmptyActivity }, activity=androidx.test.core.app.InstrumentationActivityInvoker$EmptyActivity@9e2641e
05-14 17:51:31.539 13579 13579 D LifecycleMonitor: Lifecycle status change: androidx.test.core.app.InstrumentationActivityInvoker$EmptyActivity@9e2641e in: CREATED
05-14 17:51:31.540 13579 13579 V ActivityScenario: Activity lifecycle changed event received but ignored because the intent does not match. startActivityIntent=Intent { act=android.intent.action.MAIN cat=[android.intent.category.LAUNCHER] cmp=com.example.dogglers/.VerticalListActivity }, activity.getIntent()=Intent { act=android.intent.action.MAIN cat=[android.intent.category.LAUNCHER] flg=0x10000000 cmp=com.example.dogglers/androidx.test.core.app.InstrumentationActivityInvoker$EmptyActivity }, activity=androidx.test.core.app.InstrumentationActivityInvoker$EmptyActivity@9e2641e
05-14 17:51:31.543 13579 13579 D LifecycleMonitor: Lifecycle status change: androidx.test.core.app.InstrumentationActivityInvoker$EmptyActivity@9e2641e in: STARTED
05-14 17:51:31.546 13579 13579 V ActivityScenario: Activity lifecycle changed event received but ignored because the intent does not match. startActivityIntent=Intent { act=android.intent.action.MAIN cat=[android.intent.category.LAUNCHER] cmp=com.example.dogglers/.VerticalListActivity }, activity.getIntent()=Intent { act=android.intent.action.MAIN cat=[android.intent.category.LAUNCHER] flg=0x10000000 cmp=com.example.dogglers/androidx.test.core.app.InstrumentationActivityInvoker$EmptyActivity }, activity=androidx.test.core.app.InstrumentationActivityInvoker$EmptyActivity@9e2641e
05-14 17:51:31.548 13579 13579 D LifecycleMonitor: Lifecycle status change: androidx.test.core.app.InstrumentationActivityInvoker$EmptyActivity@9e2641e in: RESUMED
05-14 17:51:31.552 13579 13579 V ActivityScenario: Activity lifecycle changed event received but ignored because the intent does not match. startActivityIntent=Intent { act=android.intent.action.MAIN cat=[android.intent.category.LAUNCHER] cmp=com.example.dogglers/.VerticalListActivity }, activity.getIntent()=Intent { act=android.intent.action.MAIN cat=[android.intent.category.LAUNCHER] flg=0x10000000 cmp=com.example.dogglers/androidx.test.core.app.InstrumentationActivityInvoker$EmptyActivity }, activity=androidx.test.core.app.InstrumentationActivityInvoker$EmptyActivity@9e2641e
05-14 17:51:31.697  1404  1404 D gralloc_ranchu: gralloc_alloc: Creating ashmem region of size 9023488
05-14 17:51:31.709  1404 10570 D gralloc_ranchu: gralloc_alloc: Creating ashmem region of size 9023488
05-14 17:51:31.718  1404 10570 D gralloc_ranchu: gralloc_alloc: Creating ashmem region of size 9023488
05-14 17:51:31.802 13579 13609 D EGL_emulation: eglMakeCurrent: 0xac763c20: ver 3 0 (tinfo 0xa48ca1c0)
05-14 17:51:31.910 13579 13579 D LifecycleMonitor: Lifecycle status change: androidx.test.core.app.InstrumentationActivityInvoker$EmptyActivity@9e2641e in: PAUSED
05-14 17:51:31.911 13579 13579 V ActivityScenario: Activity lifecycle changed event received but ignored because the intent does not match. startActivityIntent=Intent { act=android.intent.action.MAIN cat=[android.intent.category.LAUNCHER] cmp=com.example.dogglers/.VerticalListActivity }, activity.getIntent()=Intent { act=android.intent.action.MAIN cat=[android.intent.category.LAUNCHER] flg=0x10000000 cmp=com.example.dogglers/androidx.test.core.app.InstrumentationActivityInvoker$EmptyActivity }, activity=androidx.test.core.app.InstrumentationActivityInvoker$EmptyActivity@9e2641e
05-14 17:51:31.925 13579 13579 D LifecycleMonitor: Lifecycle status change: androidx.test.core.app.InstrumentationActivityInvoker$BootstrapActivity@3f108bd in: DESTROYED
05-14 17:51:31.931 13579 13579 V ActivityScenario: Activity lifecycle changed event received but ignored because the intent does not match. startActivityIntent=Intent { act=android.intent.action.MAIN cat=[android.intent.category.LAUNCHER] cmp=com.example.dogglers/.VerticalListActivity }, activity.getIntent()=Intent { act=android.intent.action.MAIN cat=[android.intent.category.LAUNCHER] flg=0x10008000 cmp=com.example.dogglers/androidx.test.core.app.InstrumentationActivityInvoker$BootstrapActivity (has extras) }, activity=androidx.test.core.app.InstrumentationActivityInvoker$BootstrapActivity@3f108bd
05-14 17:51:31.954 13579 13579 D LifecycleMonitor: Lifecycle status change: androidx.test.core.app.InstrumentationActivityInvoker$EmptyActivity@320afb8 in: PRE_ON_CREATE
05-14 17:51:31.955 13579 13579 V ActivityScenario: Activity lifecycle changed event received but ignored because the intent does not match. startActivityIntent=Intent { act=android.intent.action.MAIN cat=[android.intent.category.LAUNCHER] cmp=com.example.dogglers/.VerticalListActivity }, activity.getIntent()=Intent { act=android.intent.action.MAIN cat=[android.intent.category.LAUNCHER] flg=0x10000000 cmp=com.example.dogglers/androidx.test.core.app.InstrumentationActivityInvoker$EmptyActivity }, activity=androidx.test.core.app.InstrumentationActivityInvoker$EmptyActivity@320afb8
05-14 17:51:31.987 13579 13579 D LifecycleMonitor: Lifecycle status change: androidx.test.core.app.InstrumentationActivityInvoker$EmptyActivity@320afb8 in: CREATED
05-14 17:51:31.989 13579 13579 V ActivityScenario: Activity lifecycle changed event received but ignored because the intent does not match. startActivityIntent=Intent { act=android.intent.action.MAIN cat=[android.intent.category.LAUNCHER] cmp=com.example.dogglers/.VerticalListActivity }, activity.getIntent()=Intent { act=android.intent.action.MAIN cat=[android.intent.category.LAUNCHER] flg=0x10000000 cmp=com.example.dogglers/androidx.test.core.app.InstrumentationActivityInvoker$EmptyActivity }, activity=androidx.test.core.app.InstrumentationActivityInvoker$EmptyActivity@320afb8
05-14 17:51:31.992 13579 13579 D LifecycleMonitor: Lifecycle status change: androidx.test.core.app.InstrumentationActivityInvoker$EmptyActivity@320afb8 in: STARTED
05-14 17:51:31.993 13579 13579 V ActivityScenario: Activity lifecycle changed event received but ignored because the intent does not match. startActivityIntent=Intent { act=android.intent.action.MAIN cat=[android.intent.category.LAUNCHER] cmp=com.example.dogglers/.VerticalListActivity }, activity.getIntent()=Intent { act=android.intent.action.MAIN cat=[android.intent.category.LAUNCHER] flg=0x10000000 cmp=com.example.dogglers/androidx.test.core.app.InstrumentationActivityInvoker$EmptyActivity }, activity=androidx.test.core.app.InstrumentationActivityInvoker$EmptyActivity@320afb8
05-14 17:51:32.012 13579 13579 D LifecycleMonitor: Lifecycle status change: androidx.test.core.app.InstrumentationActivityInvoker$EmptyActivity@320afb8 in: RESUMED
05-14 17:51:32.012 13579 13579 V ActivityScenario: Activity lifecycle changed event received but ignored because the intent does not match. startActivityIntent=Intent { act=android.intent.action.MAIN cat=[android.intent.category.LAUNCHER] cmp=com.example.dogglers/.VerticalListActivity }, activity.getIntent()=Intent { act=android.intent.action.MAIN cat=[android.intent.category.LAUNCHER] flg=0x10000000 cmp=com.example.dogglers/androidx.test.core.app.InstrumentationActivityInvoker$EmptyActivity }, activity=androidx.test.core.app.InstrumentationActivityInvoker$EmptyActivity@320afb8
05-14 17:51:32.072  1416  1416 D SurfaceFlinger: duplicate layer name: changing com.example.dogglers/androidx.test.core.app.InstrumentationActivityInvoker$EmptyActivity to com.example.dogglers/androidx.test.core.app.InstrumentationActivityInvoker$EmptyActivity#1
05-14 17:51:32.094  1404 10570 D gralloc_ranchu: gralloc_alloc: Creating ashmem region of size 9023488
05-14 17:51:32.104  1404  1404 D gralloc_ranchu: gralloc_alloc: Creating ashmem region of size 9023488
05-14 17:51:32.112  1404  1404 D gralloc_ranchu: gralloc_alloc: Creating ashmem region of size 9023488
05-14 17:51:32.166 13579 13609 D EGL_emulation: eglMakeCurrent: 0xac763c20: ver 3 0 (tinfo 0xa48ca1c0)
05-14 17:51:32.233  1599  1620 I ActivityManager: Displayed com.example.dogglers/androidx.test.core.app.InstrumentationActivityInvoker$EmptyActivity: +309ms (total +755ms)
05-14 17:51:32.288 13579 13579 D LifecycleMonitor: Lifecycle status change: androidx.test.core.app.InstrumentationActivityInvoker$EmptyActivity@9e2641e in: STOPPED
05-14 17:51:32.288 13579 13579 V ActivityScenario: Activity lifecycle changed event received but ignored because the intent does not match. startActivityIntent=Intent { act=android.intent.action.MAIN cat=[android.intent.category.LAUNCHER] cmp=com.example.dogglers/.VerticalListActivity }, activity.getIntent()=Intent { act=android.intent.action.MAIN cat=[android.intent.category.LAUNCHER] flg=0x10000000 cmp=com.example.dogglers/androidx.test.core.app.InstrumentationActivityInvoker$EmptyActivity }, activity=androidx.test.core.app.InstrumentationActivityInvoker$EmptyActivity@9e2641e
05-14 17:51:32.294 13579 13579 D LifecycleMonitor: Lifecycle status change: androidx.test.core.app.InstrumentationActivityInvoker$EmptyActivity@9e2641e in: DESTROYED
05-14 17:51:32.294 13579 13579 V ActivityScenario: Activity lifecycle changed event received but ignored because the intent does not match. startActivityIntent=Intent { act=android.intent.action.MAIN cat=[android.intent.category.LAUNCHER] cmp=com.example.dogglers/.VerticalListActivity }, activity.getIntent()=Intent { act=android.intent.action.MAIN cat=[android.intent.category.LAUNCHER] flg=0x10000000 cmp=com.example.dogglers/androidx.test.core.app.InstrumentationActivityInvoker$EmptyActivity }, activity=androidx.test.core.app.InstrumentationActivityInvoker$EmptyActivity@9e2641e
05-14 17:51:32.329 13579 13579 D LifecycleMonitor: Lifecycle status change: androidx.test.core.app.InstrumentationActivityInvoker$EmptyActivity@320afb8 in: PAUSED
05-14 17:51:32.330 13579 13579 V ActivityScenario: Activity lifecycle changed event received but ignored because the intent does not match. startActivityIntent=Intent { act=android.intent.action.MAIN cat=[android.intent.category.LAUNCHER] cmp=com.example.dogglers/.VerticalListActivity }, activity.getIntent()=Intent { act=android.intent.action.MAIN cat=[android.intent.category.LAUNCHER] flg=0x10000000 cmp=com.example.dogglers/androidx.test.core.app.InstrumentationActivityInvoker$EmptyActivity }, activity=androidx.test.core.app.InstrumentationActivityInvoker$EmptyActivity@320afb8
05-14 17:51:32.423  1404  1404 D gralloc_ranchu: gralloc_alloc: Creating ashmem region of size 9592832
05-14 17:51:32.440  1404  1404 D gralloc_ranchu: gralloc_alloc: Creating ashmem region of size 9592832
05-14 17:51:32.453  1404 10570 D gralloc_ranchu: gralloc_alloc: Creating ashmem region of size 9592832
05-14 17:51:32.468  1416  1416 D SurfaceFlinger: duplicate layer name: changing com.google.android.apps.nexuslauncher/com.google.android.apps.nexuslauncher.NexusLauncherActivity to com.google.android.apps.nexuslauncher/com.google.android.apps.nexuslauncher.NexusLauncherActivity#1
05-14 17:51:32.494 13579 13579 D LifecycleMonitor: Lifecycle status change: com.example.dogglers.VerticalListActivity@af4d75f in: STOPPED
05-14 17:51:32.494 13579 13579 V ActivityScenario: Update currentActivityStage to STOPPED, currentActivity=com.example.dogglers.VerticalListActivity@af4d75f
05-14 17:51:32.496  1404 10570 D gralloc_ranchu: gralloc_alloc: Creating ashmem region of size 9592832
05-14 17:51:32.511  1404 10570 D gralloc_ranchu: gralloc_alloc: Creating ashmem region of size 9592832
05-14 17:51:32.519  2064  2064 W A       : Empty Doodle image. DarkMode: false [CONTEXT bug_id=149815953 ]
05-14 17:51:32.521 13579 13579 D LifecycleMonitor: Lifecycle status change: com.example.dogglers.VerticalListActivity@af4d75f in: DESTROYED
05-14 17:51:32.525 13579 13579 V ActivityScenario: Update currentActivityStage to DESTROYED, currentActivity=null
05-14 17:51:32.527  1404  1404 D gralloc_ranchu: gralloc_alloc: Creating ashmem region of size 9592832
05-14 17:51:32.546  2064  2532 D EGL_emulation: eglMakeCurrent: 0x85ed0ca0: ver 3 0 (tinfo 0xa48cacb0)
05-14 17:51:32.587  2111  2191 D EGL_emulation: eglMakeCurrent: 0x911fd7a0: ver 3 0 (tinfo 0x90a23310)
05-14 17:51:32.605 13579 13603 I TestRunner: finished: vertical_scroll_content_at_first_position(com.example.dogglers.VerticalListTests)
